Determining if the function kstat_lookup exists in the kstat failed with the following output:
Change Dir: /home/yancey/Order-Fairness/myOrder/myOrder/CMakeFiles/CMakeTmp

Run Build Command(s):/usr/bin/gmake -f Makefile cmTC_d7a7c/fast && /usr/bin/gmake  -f CMakeFiles/cmTC_d7a7c.dir/build.make CMakeFiles/cmTC_d7a7c.dir/build
gmake[1]: Entering directory '/home/yancey/Order-Fairness/myOrder/myOrder/CMakeFiles/CMakeTmp'
Building C object CMakeFiles/cmTC_d7a7c.dir/CheckFunctionExists.c.o
/usr/bin/cc   -DCHECK_FUNCTION_EXISTS=kstat_lookup -std=gnu11 -o CMakeFiles/cmTC_d7a7c.dir/CheckFunctionExists.c.o -c /usr/share/cmake-3.22/Modules/CheckFunctionExists.c
Linking C executable cmTC_d7a7c
/usr/bin/cmake -E cmake_link_script CMakeFiles/cmTC_d7a7c.dir/link.txt --verbose=1
/usr/bin/cc  -DCHECK_FUNCTION_EXISTS=kstat_lookup CMakeFiles/cmTC_d7a7c.dir/CheckFunctionExists.c.o -o cmTC_d7a7c   -L/home/yancey/Order-Fairness/myOrder/myOrder/CMakeFiles/CMakeTmp/kstat.h  -Wl,-rpath,/home/yancey/Order-Fairness/myOrder/myOrder/CMakeFiles/CMakeTmp/kstat.h -lkstat 
/usr/bin/ld: cannot find -lkstat: No such file or directory
collect2: error: ld returned 1 exit status
gmake[1]: *** [CMakeFiles/cmTC_d7a7c.dir/build.make:99: cmTC_d7a7c] Error 1
gmake[1]: Leaving directory '/home/yancey/Order-Fairness/myOrder/myOrder/CMakeFiles/CMakeTmp'
gmake: *** [Makefile:127: cmTC_d7a7c/fast] Error 2



Determining if the function kvm_open exists in the kvm failed with the following output:
Change Dir: /home/yancey/Order-Fairness/myOrder/myOrder/CMakeFiles/CMakeTmp

Run Build Command(s):/usr/bin/gmake -f Makefile cmTC_61409/fast && /usr/bin/gmake  -f CMakeFiles/cmTC_61409.dir/build.make CMakeFiles/cmTC_61409.dir/build
gmake[1]: Entering directory '/home/yancey/Order-Fairness/myOrder/myOrder/CMakeFiles/CMakeTmp'
Building C object CMakeFiles/cmTC_61409.dir/CheckFunctionExists.c.o
/usr/bin/cc   -DCHECK_FUNCTION_EXISTS=kvm_open -std=gnu11 -o CMakeFiles/cmTC_61409.dir/CheckFunctionExists.c.o -c /usr/share/cmake-3.22/Modules/CheckFunctionExists.c
Linking C executable cmTC_61409
/usr/bin/cmake -E cmake_link_script CMakeFiles/cmTC_61409.dir/link.txt --verbose=1
/usr/bin/cc  -DCHECK_FUNCTION_EXISTS=kvm_open CMakeFiles/cmTC_61409.dir/CheckFunctionExists.c.o -o cmTC_61409   -L/home/yancey/Order-Fairness/myOrder/myOrder/CMakeFiles/CMakeTmp/kvm.h  -Wl,-rpath,/home/yancey/Order-Fairness/myOrder/myOrder/CMakeFiles/CMakeTmp/kvm.h -lkvm 
/usr/bin/ld: cannot find -lkvm: No such file or directory
collect2: error: ld returned 1 exit status
gmake[1]: *** [CMakeFiles/cmTC_61409.dir/build.make:99: cmTC_61409] Error 1
gmake[1]: Leaving directory '/home/yancey/Order-Fairness/myOrder/myOrder/CMakeFiles/CMakeTmp'
gmake: *** [Makefile:127: cmTC_61409/fast] Error 2



Determining if the function perfstat_cpu exists in the perfstat failed with the following output:
Change Dir: /home/yancey/Order-Fairness/myOrder/myOrder/CMakeFiles/CMakeTmp

Run Build Command(s):/usr/bin/gmake -f Makefile cmTC_9fcef/fast && /usr/bin/gmake  -f CMakeFiles/cmTC_9fcef.dir/build.make CMakeFiles/cmTC_9fcef.dir/build
gmake[1]: Entering directory '/home/yancey/Order-Fairness/myOrder/myOrder/CMakeFiles/CMakeTmp'
Building C object CMakeFiles/cmTC_9fcef.dir/CheckFunctionExists.c.o
/usr/bin/cc   -DCHECK_FUNCTION_EXISTS=perfstat_cpu -std=gnu11 -o CMakeFiles/cmTC_9fcef.dir/CheckFunctionExists.c.o -c /usr/share/cmake-3.22/Modules/CheckFunctionExists.c
Linking C executable cmTC_9fcef
/usr/bin/cmake -E cmake_link_script CMakeFiles/cmTC_9fcef.dir/link.txt --verbose=1
/usr/bin/cc  -DCHECK_FUNCTION_EXISTS=perfstat_cpu CMakeFiles/cmTC_9fcef.dir/CheckFunctionExists.c.o -o cmTC_9fcef   -L/home/yancey/Order-Fairness/myOrder/myOrder/CMakeFiles/CMakeTmp/libperfstat.h  -Wl,-rpath,/home/yancey/Order-Fairness/myOrder/myOrder/CMakeFiles/CMakeTmp/libperfstat.h -lperfstat 
/usr/bin/ld: cannot find -lperfstat: No such file or directory
collect2: error: ld returned 1 exit status
gmake[1]: *** [CMakeFiles/cmTC_9fcef.dir/build.make:99: cmTC_9fcef] Error 1
gmake[1]: Leaving directory '/home/yancey/Order-Fairness/myOrder/myOrder/CMakeFiles/CMakeTmp'
gmake: *** [Makefile:127: cmTC_9fcef/fast] Error 2



Determining if the function sendfile exists in the sendfile failed with the following output:
Change Dir: /home/yancey/Order-Fairness/myOrder/myOrder/CMakeFiles/CMakeTmp

Run Build Command(s):/usr/bin/gmake -f Makefile cmTC_3cd41/fast && /usr/bin/gmake  -f CMakeFiles/cmTC_3cd41.dir/build.make CMakeFiles/cmTC_3cd41.dir/build
gmake[1]: Entering directory '/home/yancey/Order-Fairness/myOrder/myOrder/CMakeFiles/CMakeTmp'
Building C object CMakeFiles/cmTC_3cd41.dir/CheckFunctionExists.c.o
/usr/bin/cc   -DCHECK_FUNCTION_EXISTS=sendfile -std=gnu11 -o CMakeFiles/cmTC_3cd41.dir/CheckFunctionExists.c.o -c /usr/share/cmake-3.22/Modules/CheckFunctionExists.c
Linking C executable cmTC_3cd41
/usr/bin/cmake -E cmake_link_script CMakeFiles/cmTC_3cd41.dir/link.txt --verbose=1
/usr/bin/cc  -DCHECK_FUNCTION_EXISTS=sendfile CMakeFiles/cmTC_3cd41.dir/CheckFunctionExists.c.o -o cmTC_3cd41  -lsendfile 
/usr/bin/ld: cannot find -lsendfile: No such file or directory
collect2: error: ld returned 1 exit status
gmake[1]: *** [CMakeFiles/cmTC_3cd41.dir/build.make:99: cmTC_3cd41] Error 1
gmake[1]: Leaving directory '/home/yancey/Order-Fairness/myOrder/myOrder/CMakeFiles/CMakeTmp'
gmake: *** [Makefile:127: cmTC_3cd41/fast] Error 2



